// Jest Snapshot v1, https://goo.gl/fbAQLP

exports[`Slider Node map 1`] = `
<div class="j-base-action j-bubble j-slider" ontouchstart="function () { [native code] }" ontouchcancel="function () { [native code] }" ontouchend="function () { [native code] }" style="--bubble-position: NaNpx;">
  <div class="j-row"><input type="hidden">
    <div class="j-track-bar" ontouchstart="function () { [native code] }" style="--track-fill-width: undefinedpx;">
      <div class="background">
        <div class="slider"></div>
      </div>
      <div class="j-row slot-content">
        <!---->
      </div>
    </div>
    <transition-stub>
      <div class="bubble top font-mono frosted-glass" tag="div" style="display: none; box-shadow: 
    0 4px
    6px
    0.4px
    var(--material-shadow);">hello</div>
    </transition-stub>
  </div>
</div>
`;
