// Vitest Snapshot v1

exports[`Test Theme > Function:themeToCssCode:用于转换主题配置文件到css代码 1`] = `":root{--text-disabled:#0000003e;--text:#616161;--text-dark:#616161;--text-light:#FFFFFF;--text-hint:#9E9E9E;--info-colors-primary:#91b09b;--info-colors-primary-light:#b0caac;--info-colors-primary-disabled:#9E9E9E;--info-colors-success:#64DD17;--info-colors-success-light:#B9F6CA;--info-colors-error:#F44336;--info-colors-error-light:#FFCDD2;--info-colors-info:#2196F3;--info-colors-info-light:#BBDEFB;--info-colors-warning:#FFC107;--info-colors-warning-light:#FFE082;--border:#E0E0E0;--border-light:#EEEEEE;--border-dark:#BDBDBD;--material-primary:#009688;--material-shadow:#0000002e;--material-shadow-primary:#004d405e;--background:#FAFAFA;--background-dark:#F5F5F5;--background-light:#FFFFFF;--mask:#bdbdbd4d;--frosted-glass:#ffffffb3;--shadow-dark:#BDBDBD;--shadow-light:#F5F5F5;--shadow:#E0E0E0}"`;
