// Vitest Snapshot v1

exports[`Button:test > SnapShots 1`] = `
"<button data-v-03123537=\\"\\" class=\\"j-base-action j-action-feedback hover shape j-button button\\" ontouchstart=\\"function () { [native code] }\\" ontouchcancel=\\"function () { [native code] }\\" ontouchend=\\"function () { [native code] }\\">slot default<transition-stub name=\\"mask\\" appear=\\"false\\" persisted=\\"false\\" css=\\"true\\">
    <!---->
  </transition-stub></button>"
`;
