// Jest Snapshot v1, https://goo.gl/fbAQLP

exports[`Base ActionFeedback Node Map 1`] = `<div class="j-base-action"></div>`;
