// Vitest Snapshot v1

exports[`TransitionFadeTest > Slot:default 1`] = `"<transition-stub name=\\"j-transition-slide\\" appear=\\"false\\" persisted=\\"false\\" css=\\"true\\" style=\\"--migration-distance: translate3d(0,-100%,0); --opacity: 0;\\">Default slot</transition-stub>"`;
