// Vitest Snapshot v1

exports[`toGiteeIcoButton > MatchSnapshot 1`] = `
"<a data-v-03123537=\\"\\" class=\\"j-base-action j-action-feedback hover shape j-button text\\" ontouchstart=\\"function () { [native code] }\\" ontouchcancel=\\"function () { [native code] }\\" ontouchend=\\"function () { [native code] }\\" href=\\"https://gitee.com/abchiyi/jet-plan-ui\\" rel=\\"noopener noreferrer\\" aria-label=\\"前往gitee\\" target=\\"_blank\\">
  <div style=\\"width: 1em;\\"><svg viewBox=\\"0 0 24 24\\">
      <path d=\\"M12,24A12,12,0,1,1,24,12,12,12,0,0,1,12,24Zm6.074-13.333H11.26a.593.593,0,0,0-.593.592v1.482a.592.592,0,0,0,.592.592h4.149a.593.593,0,0,1,.592.593v.3A1.778,1.778,0,0,1,14.223,16H8.593A.593.593,0,0,1,8,15.407V9.778A1.777,1.777,0,0,1,9.778,8h8.3a.593.593,0,0,0,.593-.593V5.927a.593.593,0,0,0-.593-.593h-8.3A4.444,4.444,0,0,0,5.333,9.777v8.3a.593.593,0,0,0,.592.593h8.74a4,4,0,0,0,4-4V11.258a.593.593,0,0,0-.593-.593Z\\" fill=\\"currentColor\\"></path>
    </svg></div>
  <transition-stub name=\\"mask\\" appear=\\"false\\" persisted=\\"false\\" css=\\"true\\">
    <!---->
  </transition-stub>
</a>"
`;
